[     466ms] [LOG] Deprecated as of 10.6.0. initHighlighting() is deprecated.  Use highlightAll() instead. @ http://127.0.0.1:8001/assets/frappe/dist/js/frappe-web.bundle.FC377MPL.js:20628
[   36365ms] [ERROR] Failed to load resource: the server responded with a status of 401 (UNAUTHORIZED) @ http://127.0.0.1:8001/login:0
[   36366ms] [ERROR] Traceback (most recent call last):
  File "apps/frappe/frappe/app.py", line 102, in application
    init_request(request)
    ~~~~~~~~~~~~^^^^^^^^^
  File "apps/frappe/frappe/app.py", line 200, in init_request
    frappe.local.http_request = HTTPRequest()
                                ~~~~~~~~~~~^^
  File "apps/frappe/frappe/auth.py", line 42, in __init__
    self.set_session()
    ~~~~~~~~~~~~~~~~^^
  File "apps/frappe/frappe/auth.py", line 79, in set_session
    frappe.local.login_manager = LoginManager()
                                 ~~~~~~~~~~~~^^
  File "apps/frappe/frappe/auth.py", line 131, in __init__
    if self.login() is False:
       ~~~~~~~~~~^^
  File "apps/frappe/frappe/auth.py", line 155, in login
    self.authenticate(user=user, pwd=pwd)
    ~~~~~~~~~~~~~~~~~^^^^^^^^^^^^^^^^^^^^
  File "apps/frappe/frappe/auth.py", line 272, in authenticate
    self.fail("Invalid login credentials", user=_raw_user_name)
    ~~~~~~~~~^^^^^^^^^^^^^^^^^^^^^^^^^^^^^^^^^^^^^^^^^^^^^^^^^^
  File "apps/frappe/frappe/auth.py", line 326, in fail
    raise frappe.AuthenticationError
frappe.exceptions.AuthenticationError
 @ http://127.0.0.1:8001/assets/frappe/dist/js/frappe-web.bundle.FC377MPL.js:47725
[   41940ms] [ERROR] Failed to load resource: the server responded with a status of 401 (UNAUTHORIZED) @ http://127.0.0.1:8001/login:0
[   41941ms] [ERROR] Traceback (most recent call last):
  File "apps/frappe/frappe/app.py", line 102, in application
    init_request(request)
    ~~~~~~~~~~~~^^^^^^^^^
  File "apps/frappe/frappe/app.py", line 200, in init_request
    frappe.local.http_request = HTTPRequest()
                                ~~~~~~~~~~~^^
  File "apps/frappe/frappe/auth.py", line 42, in __init__
    self.set_session()
    ~~~~~~~~~~~~~~~~^^
  File "apps/frappe/frappe/auth.py", line 79, in set_session
    frappe.local.login_manager = LoginManager()
                                 ~~~~~~~~~~~~^^
  File "apps/frappe/frappe/auth.py", line 131, in __init__
    if self.login() is False:
       ~~~~~~~~~~^^
  File "apps/frappe/frappe/auth.py", line 155, in login
    self.authenticate(user=user, pwd=pwd)
    ~~~~~~~~~~~~~~~~~^^^^^^^^^^^^^^^^^^^^
  File "apps/frappe/frappe/auth.py", line 272, in authenticate
    self.fail("Invalid login credentials", user=_raw_user_name)
    ~~~~~~~~~^^^^^^^^^^^^^^^^^^^^^^^^^^^^^^^^^^^^^^^^^^^^^^^^^^
  File "apps/frappe/frappe/auth.py", line 326, in fail
    raise frappe.AuthenticationError
frappe.exceptions.AuthenticationError
 @ http://127.0.0.1:8001/assets/frappe/dist/js/frappe-web.bundle.FC377MPL.js:47725
[   43517ms] [ERROR] Failed to load resource: the server responded with a status of 401 (UNAUTHORIZED) @ http://127.0.0.1:8001/login:0
[   43517ms] [ERROR] Traceback (most recent call last):
  File "apps/frappe/frappe/app.py", line 102, in application
    init_request(request)
    ~~~~~~~~~~~~^^^^^^^^^
  File "apps/frappe/frappe/app.py", line 200, in init_request
    frappe.local.http_request = HTTPRequest()
                                ~~~~~~~~~~~^^
  File "apps/frappe/frappe/auth.py", line 42, in __init__
    self.set_session()
    ~~~~~~~~~~~~~~~~^^
  File "apps/frappe/frappe/auth.py", line 79, in set_session
    frappe.local.login_manager = LoginManager()
                                 ~~~~~~~~~~~~^^
  File "apps/frappe/frappe/auth.py", line 131, in __init__
    if self.login() is False:
       ~~~~~~~~~~^^
  File "apps/frappe/frappe/auth.py", line 155, in login
    self.authenticate(user=user, pwd=pwd)
    ~~~~~~~~~~~~~~~~~^^^^^^^^^^^^^^^^^^^^
  File "apps/frappe/frappe/auth.py", line 272, in authenticate
    self.fail("Invalid login credentials", user=_raw_user_name)
    ~~~~~~~~~^^^^^^^^^^^^^^^^^^^^^^^^^^^^^^^^^^^^^^^^^^^^^^^^^^
  File "apps/frappe/frappe/auth.py", line 326, in fail
    raise frappe.AuthenticationError
frappe.exceptions.AuthenticationError
 @ http://127.0.0.1:8001/assets/frappe/dist/js/frappe-web.bundle.FC377MPL.js:47725
